// Jest Snapshot v1, https://goo.gl/fbAQLP

exports[`<Schedules /> Should mount component 1`] = `
<h2>
  Loading
</h2>
`;

exports[`<Schedules /> Snapshot 1`] = `
<h2>
  Loading
</h2>
`;
